mynamtest - THIRD
Value A from Global YML
Value B from Global YML
