Second Template

Project name: mynamtest
Global A -> Value A from Global YML
Global B -> Value B from Global YML
Global C -> Value C fom Schema
